Based on the idea from  http://trac.parrot.org/parrot/wiki/git-svn-tutorial

Warning: I am a Git Newbie; these steps created via trial and error.

Welcome to Git (version 1.8.5.2-preview20131230)
$ git --version
git version 1.8.5.2.msysgit.0


Step 1: Git clone, change directory, and move head back to first commit
Step 1A: Git clone, change directory
$
git clone --no-checkout --origin upstream --branch master git://github.com/obfuscated/codeblocks_sf codeblocks_sf_test2
cd codeblocks_sf_test2
git log --pretty=format:%H | tail -1
$
95aa83028f65708c6981061748d6ccad0c7498c0

Step 1B: Reset to first commit; replace hash with value from git log above
git reset --soft 95aa83028f65708c6981061748d6ccad0c7498c0
$

Step 2: Create svn-remote "svn" in git config file
$
git config --add svn-remote.svn.url http://svn.code.sf.net/p/codeblocks/code
git config --add svn-remote.svn.fetch trunk:refs/remotes/svnstuff/trunk
git config --add svn-remote.svn.branches branches/*:refs/remotes/svnstuff/*
git config --add svn-remote.svn.tags tags/*:refs/remotes/svnstuff/tags/*
$
Step 2B: Create svnstuff folder
$ mkdir .git/refs/remotes/svnstuff

Step 3: 
$ git show heads/master | head -n 1
commit 95aa83028f65708c6981061748d6ccad0c7498c0

Step 4:
Replace hash with value returned by the above command
$ echo 95aa83028f65708c6981061748d6ccad0c7498c0 > .git/refs/remotes/svnstuff/trunk

Step 5:
$ git show remotes/svnstuff/trunk | head -n 1

Step 6: svn find-rev
$ git svn find-rev r1
$ git svn find-rev HEAD

Step 7: svn fetch
$ git svn fetch svn -r 9855

Step 8: Test git svn info
Takes about a minute to return results.
Note: If it does NOT work no results are ever returned in some cases.
$ git svn info


Step 9: Force branch master to use rebase.
SVN does not like git merge so set to use git rebase.
$ git config upstream.master.rebase true 

Step 10: Test fetch and pull
Note: I am guessing that the svn fetch should be done before all "git pull" commands.
$ git svn fetch svn
$ git pull
