Based on the idea from  http://trac.parrot.org/parrot/wiki/git-svn-tutorial

Warning: I am a Git Newbie; these steps created via trial and error.

Welcome to Git (version 1.8.5.2-preview20131230)
$ git --version
git version 1.8.5.2.msysgit.0

cd test

Step 1: Git clone, change directory, and move head back one commit
$
git clone --origin upstream --branch master https://github.com/stahta01/codeblocks_mods.git  codeblocks_mods_test
cd codeblocks_mods_test
git reset --hard HEAD~1
$

Step 2: Create svn-remote "svn1" in git config file
$
git config --add svn-remote.svn1.url http://svn.code.sf.net/p/codeblocks/code
git config --add svn-remote.svn1.fetch trunk:refs/remotes/svnstuff1/trunk
git config --add svn-remote.svn1.branches branches/*:refs/remotes/svnstuff1/*
git config --add svn-remote.svn1.tags tags/*:refs/remotes/svnstuff1/tags/*
$

Step 3: get hash code of current local commit
$ git show heads/master | head -n 1
commit 6ac780d332a35cce6e6e4b6c666376eaf3ad1f55

Step 4: Create remotes/svnstuff1/trunk using hash code
$ mkdir .git/refs/remotes/svnstuff1
Replace hash with value returned by the above command
$ echo 6ac780d332a35cce6e6e4b6c666376eaf3ad1f55 > .git/refs/remotes/svnstuff1/trunk

Step 5: Verify hash code was created
$ git show remotes/svnstuff1/trunk | head -n 1

Step 6: SVN find-rev
$ git svn find-rev HEAD

Step 7: SVN  reset and fetch
Use number plus 1 returned by SVN find-rev step
$ git svn fetch svn1 -r 9855

Step 8: Test git SVN info
Takes about a minute to return results.
Note: If it does NOT work no results are ever returned in some cases.
$ git svn info

Step 9: Force branch master to use rebase.
SVN does not like git merge so set to use git rebase.
$ git config upstream.master.rebase true 

Step 10: Test fetch and pull
Note: I am guessing that the SVN  fetch should be done before all "git pull" commands.
$ git svn fetch svn1
$ git pull
