Based on the idea from  http://trac.parrot.org/parrot/wiki/git-svn-tutorial

Warning: I am a Git Newbie; these steps created via trial and error.

Welcome to Git (version 1.8.5.2-preview20131230)
$ git --version
git version 1.8.5.2.msysgit.0


Step 1: Git clone, change directory, and move head back one commit
Note: Next time try without the option --no-checkout
$
git clone --no-checkout --origin upstream --branch master http://github.com/obfuscated/codeblocks_sf.git codeblocks_sf_test
cd codeblocks_sf_test
git reset --hard HEAD~1
$

Step 2: Create svn-remote "cb_svn" in git config file
$
git config --add svn-remote.cb_svn.url http://svn.code.sf.net/p/codeblocks/code
git config --add svn-remote.cb_svn.fetch trunk:refs/remotes/svnstuff/trunk
git config --add svn-remote.cb_svn.branches branches/*:refs/remotes/svnstuff/*
git config --add svn-remote.cb_svn.tags tags/*:refs/remotes/svnstuff/tags/*
$

Step 3: 
git show heads/master | head -n 1
commit 870e2add736b90dc8dacc4c7f5a148d2bfa50075

Step 4:
$ mkdir .git/refs/remotes/svnstuff
Replace hash with value returned by the above command
$ echo 870e2add736b90dc8dacc4c7f5a148d2bfa50075 > .git/refs/remotes/svnstuff/trunk

Step 5:
$ git show remotes/svnstuff/trunk | head -n 1

Step 6: svn find-rev
$ git svn find-rev HEAD

Step 7: svn reset and fetch
Use number plus 1 returned by svn find-rev step
$ git svn fetch cb_svn -r 9855

Step 8: Test git svn info
$ git svn info # still failing on this step.


Step 9: Force branch master to use rebase.
SVN does not like git merge so set to use git rebase.
$ git config upstream.master.rebase true 

Step 10: Test fetch and pull
Note: I am guessing that the svn fetch should be done before all "git pull" commands.
$ git svn fetch
$ git pull
