Based on the idea from  http://trac.parrot.org/parrot/wiki/git-svn-tutorial

Warning: I am a Git Newbie; these steps created via trial and error.

Welcome to Git (version 1.8.5.2-preview20131230)
$ git --version
git version 1.8.5.2.msysgit.0

$ git log --grep=^git-svn-id: --first-parent -1
commit 4cf0119361e30752355f407e3f4dd67ca89c3114
Author: Daniel Anselmi <danslemi@codeblocks.org>
Date:   Wed Aug 6 15:33:43 2014 +0000

    * OccurrencesHighlighting: small fix in #ifndef-ed code

    git-svn-id: https://svn.code.sf.net/p/codeblocks/code/trunk@9855 2a5c6006-c6dd-42ca-98ab-0921f2732cef


Step 1: Git clone, change directory, and move head back one commit
$
git clone --origin upstream --branch master http://github.com/obfuscated/codeblocks_sf.git cb_obfuscated_test
cd cb_obfuscated_test
git reset --hard HEAD~1
$

Step 2: Create svn-remote "svn2" in git config file
$
git config --add svn-remote.svn2.url https://svn.code.sf.net/p/codeblocks/code
git config --add svn-remote.svn2.fetch trunk:refs/remotes/svnstuff2/trunk
git config --add svn-remote.svn2.branches branches/*:refs/remotes/svnstuff2/*
git config --add svn-remote.svn2.tags tags/*:refs/remotes/svnstuff2/tags/*
$
Step 2B: Create svnstuff folder
$ mkdir .git/refs/remotes/svnstuff2

Step 3: get hash code of current local commit
$ git show heads/master | head -n 1
commit 870e2add736b90dc8dacc4c7f5a148d2bfa50075

Step 4: Create remotes trunk using hash code
Replace hash with value returned by the above command
$ echo 870e2add736b90dc8dacc4c7f5a148d2bfa50075 > .git/refs/remotes/svnstuff2/trunk

Step 5: Verify hash code was created
$ git show remotes/svnstuff2/trunk | head -n 1

Step 6: svn find-rev
$ git svn find-rev r1
$ git svn find-rev HEAD

Step 7: SVN fetch
Use number plus 1 returned by SVN find-rev HEAD step
$ git svn fetch svn2 -r 9855

Step 8: Test git svn info
Takes about a minute to return results.
Note: If it does NOT work no results are ever returned in some cases.
$ git svn info


Step 9: Force branch master to use rebase.
SVN does not like git merge so set to use git rebase.
$ git config upstream.master.rebase true 

Step 10: Test fetch and pull
Note: I am guessing that the svn fetch should be done before all "git pull" commands.
$ git svn fetch svn2
$ git pull
